Archive member included to satisfy reference by file (symbol)

/Applications/Eclipse.app/Contents/Eclipse/plugins/fr.ac6.mcu.externaltools.arm-none.macos64_1.6.0.201601291255/tools/compiler/bin/../lib/gcc/arm-none-eabi/5.3.1/../../../../arm-none-eabi/lib/armv7e-m/fpu/libc_nano.a(lib_a-exit.o)
                              /Applications/Eclipse.app/Contents/Eclipse/plugins/fr.ac6.mcu.externaltools.arm-none.macos64_1.6.0.201601291255/tools/compiler/bin/../lib/gcc/arm-none-eabi/5.3.1/../../../../arm-none-eabi/lib/armv7e-m/fpu/crt0.o (exit)
/Applications/Eclipse.app/Contents/Eclipse/plugins/fr.ac6.mcu.externaltools.arm-none.macos64_1.6.0.201601291255/tools/compiler/bin/../lib/gcc/arm-none-eabi/5.3.1/../../../../arm-none-eabi/lib/armv7e-m/fpu/libc_nano.a(lib_a-impure.o)
                              /Applications/Eclipse.app/Contents/Eclipse/plugins/fr.ac6.mcu.externaltools.arm-none.macos64_1.6.0.201601291255/tools/compiler/bin/../lib/gcc/arm-none-eabi/5.3.1/../../../../arm-none-eabi/lib/armv7e-m/fpu/libc_nano.a(lib_a-exit.o) (_global_impure_ptr)
/Applications/Eclipse.app/Contents/Eclipse/plugins/fr.ac6.mcu.externaltools.arm-none.macos64_1.6.0.201601291255/tools/compiler/bin/../lib/gcc/arm-none-eabi/5.3.1/../../../../arm-none-eabi/lib/armv7e-m/fpu/libc_nano.a(lib_a-init.o)
                              /Applications/Eclipse.app/Contents/Eclipse/plugins/fr.ac6.mcu.externaltools.arm-none.macos64_1.6.0.201601291255/tools/compiler/bin/../lib/gcc/arm-none-eabi/5.3.1/../../../../arm-none-eabi/lib/armv7e-m/fpu/crt0.o (__libc_init_array)
/Applications/Eclipse.app/Contents/Eclipse/plugins/fr.ac6.mcu.externaltools.arm-none.macos64_1.6.0.201601291255/tools/compiler/bin/../lib/gcc/arm-none-eabi/5.3.1/../../../../arm-none-eabi/lib/armv7e-m/fpu/libc_nano.a(lib_a-memset.o)
                              /Applications/Eclipse.app/Contents/Eclipse/plugins/fr.ac6.mcu.externaltools.arm-none.macos64_1.6.0.201601291255/tools/compiler/bin/../lib/gcc/arm-none-eabi/5.3.1/../../../../arm-none-eabi/lib/armv7e-m/fpu/crt0.o (memset)
/Applications/Eclipse.app/Contents/Eclipse/plugins/fr.ac6.mcu.externaltools.arm-none.macos64_1.6.0.201601291255/tools/compiler/bin/../lib/gcc/arm-none-eabi/5.3.1/../../../../arm-none-eabi/lib/armv7e-m/fpu/libnosys.a(_exit.o)
                              /Applications/Eclipse.app/Contents/Eclipse/plugins/fr.ac6.mcu.externaltools.arm-none.macos64_1.6.0.201601291255/tools/compiler/bin/../lib/gcc/arm-none-eabi/5.3.1/../../../../arm-none-eabi/lib/armv7e-m/fpu/libc_nano.a(lib_a-exit.o) (_exit)

Allocating common symbols
Common symbol       size              file

hi2c1               0x44              Application/User/main.o
uwTick              0x4               Drivers/STM32F4xx_HAL_Driver/stm32f4xx_hal.o
pFlash              0x20              Drivers/STM32F4xx_HAL_Driver/stm32f4xx_hal_flash.o

Discarded input sections

 .text          0x0000000000000000        0x0 /Applications/Eclipse.app/Contents/Eclipse/plugins/fr.ac6.mcu.externaltools.arm-none.macos64_1.6.0.201601291255/tools/compiler/bin/../lib/gcc/arm-none-eabi/5.3.1/armv7e-m/fpu/crti.o
 .data          0x0000000000000000        0x0 /Applications/Eclipse.app/Contents/Eclipse/plugins/fr.ac6.mcu.externaltools.arm-none.macos64_1.6.0.201601291255/tools/compiler/bin/../lib/gcc/arm-none-eabi/5.3.1/armv7e-m/fpu/crti.o
 .bss           0x0000000000000000        0x0 /Applications/Eclipse.app/Contents/Eclipse/plugins/fr.ac6.mcu.externaltools.arm-none.macos64_1.6.0.201601291255/tools/compiler/bin/../lib/gcc/arm-none-eabi/5.3.1/armv7e-m/fpu/crti.o
 .data          0x0000000000000000        0x4 /Applications/Eclipse.app/Contents/Eclipse/plugins/fr.ac6.mcu.externaltools.arm-none.macos64_1.6.0.201601291255/tools/compiler/bin/../lib/gcc/arm-none-eabi/5.3.1/armv7e-m/fpu/crtbegin.o
 .text          0x0000000000000000       0x74 /Applications/Eclipse.app/Contents/Eclipse/plugins/fr.ac6.mcu.externaltools.arm-none.macos64_1.6.0.201601291255/tools/compiler/bin/../lib/gcc/arm-none-eabi/5.3.1/../../../../arm-none-eabi/lib/armv7e-m/fpu/crt0.o
 .data          0x0000000000000000        0x0 /Applications/Eclipse.app/Contents/Eclipse/plugins/fr.ac6.mcu.externaltools.arm-none.macos64_1.6.0.201601291255/tools/compiler/bin/../lib/gcc/arm-none-eabi/5.3.1/../../../../arm-none-eabi/lib/armv7e-m/fpu/crt0.o
 .bss           0x0000000000000000        0x0 /Applications/Eclipse.app/Contents/Eclipse/plugins/fr.ac6.mcu.externaltools.arm-none.macos64_1.6.0.201601291255/tools/compiler/bin/../lib/gcc/arm-none-eabi/5.3.1/../../../../arm-none-eabi/lib/armv7e-m/fpu/crt0.o
 .ARM.extab     0x0000000000000000        0x0 /Applications/Eclipse.app/Contents/Eclipse/plugins/fr.ac6.mcu.externaltools.arm-none.macos64_1.6.0.201601291255/tools/compiler/bin/../lib/gcc/arm-none-eabi/5.3.1/../../../../arm-none-eabi/lib/armv7e-m/fpu/crt0.o
[...]
Memory Configuration

Name             Origin             Length             Attributes
FLASH            0x0000000008000000 0x0000000000080000 xr
RAM              0x0000000020000000 0x0000000000020000 xrw
*default*        0x0000000000000000 0xffffffffffffffff

Linker script and memory map

LOAD /Applications/Eclipse.app/Contents/Eclipse/plugins/fr.ac6.mcu.externaltools.arm-none.macos64_1.6.0.201601291255/tools/compiler/bin/../lib/gcc/arm-none-eabi/5.3.1/armv7e-m/fpu/crti.o
LOAD /Applications/Eclipse.app/Contents/Eclipse/plugins/fr.ac6.mcu.externaltools.arm-none.macos64_1.6.0.201601291255/tools/compiler/bin/../lib/gcc/arm-none-eabi/5.3.1/armv7e-m/fpu/crtbegin.o
LOAD /Applications/Eclipse.app/Contents/Eclipse/plugins/fr.ac6.mcu.externaltools.arm-none.macos64_1.6.0.201601291255/tools/compiler/bin/../lib/gcc/arm-none-eabi/5.3.1/../../../../arm-none-eabi/lib/armv7e-m/fpu/crt0.o
LOAD /Applications/Eclipse.app/Contents/Eclipse/plugins/fr.ac6.mcu.externaltools.arm-none.macos64_1.6.0.201601291255/tools/compiler/bin/../lib/gcc/arm-none-eabi/5.3.1/../../../../arm-none-eabi/lib/armv7e-m/fpu/libm.a
LOAD Application/SW4STM32/startup_stm32f411xe.o
LOAD Application/User/fonts.o
LOAD Application/User/main.o
LOAD Application/User/ssd1306.o
LOAD Application/User/stm32f4xx_hal_msp.o
LOAD Application/User/stm32f4xx_it.o
LOAD Drivers/CMSIS/system_stm32f4xx.o
LOAD Drivers/STM32F4xx_HAL_Driver/stm32f4xx_hal.o
LOAD Drivers/STM32F4xx_HAL_Driver/stm32f4xx_hal_cortex.o
LOAD Drivers/STM32F4xx_HAL_Driver/stm32f4xx_hal_dma.o
LOAD Drivers/STM32F4xx_HAL_Driver/stm32f4xx_hal_dma_ex.o
LOAD Drivers/STM32F4xx_HAL_Driver/stm32f4xx_hal_flash.o
LOAD Drivers/STM32F4xx_HAL_Driver/stm32f4xx_hal_flash_ex.o
LOAD Drivers/STM32F4xx_HAL_Driver/stm32f4xx_hal_flash_ramfunc.o
LOAD Drivers/STM32F4xx_HAL_Driver/stm32f4xx_hal_gpio.o
LOAD Drivers/STM32F4xx_HAL_Driver/stm32f4xx_hal_i2c.o
LOAD Drivers/STM32F4xx_HAL_Driver/stm32f4xx_hal_i2c_ex.o
LOAD Drivers/STM32F4xx_HAL_Driver/stm32f4xx_hal_pwr.o
LOAD Drivers/STM32F4xx_HAL_Driver/stm32f4xx_hal_pwr_ex.o
LOAD Drivers/STM32F4xx_HAL_Driver/stm32f4xx_hal_rcc.o
LOAD Drivers/STM32F4xx_HAL_Driver/stm32f4xx_hal_rcc_ex.o
LOAD Drivers/STM32F4xx_HAL_Driver/stm32f4xx_hal_rtc.o
LOAD Drivers/STM32F4xx_HAL_Driver/stm32f4xx_hal_rtc_ex.o
LOAD Drivers/STM32F4xx_HAL_Driver/stm32f4xx_hal_tim.o
LOAD Drivers/STM32F4xx_HAL_Driver/stm32f4xx_hal_tim_ex.o
START GROUP
LOAD /Applications/Eclipse.app/Contents/Eclipse/plugins/fr.ac6.mcu.externaltools.arm-none.macos64_1.6.0.201601291255/tools/compiler/bin/../lib/gcc/arm-none-eabi/5.3.1/armv7e-m/fpu/libgcc.a
LOAD /Applications/Eclipse.app/Contents/Eclipse/plugins/fr.ac6.mcu.externaltools.arm-none.macos64_1.6.0.201601291255/tools/compiler/bin/../lib/gcc/arm-none-eabi/5.3.1/../../../../arm-none-eabi/lib/armv7e-m/fpu/libc_nano.a
END GROUP
START GROUP
LOAD /Applications/Eclipse.app/Contents/Eclipse/plugins/fr.ac6.mcu.externaltools.arm-none.macos64_1.6.0.201601291255/tools/compiler/bin/../lib/gcc/arm-none-eabi/5.3.1/armv7e-m/fpu/libgcc.a
LOAD /Applications/Eclipse.app/Contents/Eclipse/plugins/fr.ac6.mcu.externaltools.arm-none.macos64_1.6.0.201601291255/tools/compiler/bin/../lib/gcc/arm-none-eabi/5.3.1/../../../../arm-none-eabi/lib/armv7e-m/fpu/libc_nano.a
LOAD /Applications/Eclipse.app/Contents/Eclipse/plugins/fr.ac6.mcu.externaltools.arm-none.macos64_1.6.0.201601291255/tools/compiler/bin/../lib/gcc/arm-none-eabi/5.3.1/../../../../arm-none-eabi/lib/armv7e-m/fpu/libnosys.a
END GROUP
START GROUP
LOAD /Applications/Eclipse.app/Contents/Eclipse/plugins/fr.ac6.mcu.externaltools.arm-none.macos64_1.6.0.201601291255/tools/compiler/bin/../lib/gcc/arm-none-eabi/5.3.1/armv7e-m/fpu/libgcc.a
LOAD /Applications/Eclipse.app/Contents/Eclipse/plugins/fr.ac6.mcu.externaltools.arm-none.macos64_1.6.0.201601291255/tools/compiler/bin/../lib/gcc/arm-none-eabi/5.3.1/../../../../arm-none-eabi/lib/armv7e-m/fpu/libc_nano.a
LOAD /Applications/Eclipse.app/Contents/Eclipse/plugins/fr.ac6.mcu.externaltools.arm-none.macos64_1.6.0.201601291255/tools/compiler/bin/../lib/gcc/arm-none-eabi/5.3.1/../../../../arm-none-eabi/lib/armv7e-m/fpu/libnosys.a
END GROUP
LOAD /Applications/Eclipse.app/Contents/Eclipse/plugins/fr.ac6.mcu.externaltools.arm-none.macos64_1.6.0.201601291255/tools/compiler/bin/../lib/gcc/arm-none-eabi/5.3.1/armv7e-m/fpu/crtend.o
LOAD /Applications/Eclipse.app/Contents/Eclipse/plugins/fr.ac6.mcu.externaltools.arm-none.macos64_1.6.0.201601291255/tools/compiler/bin/../lib/gcc/arm-none-eabi/5.3.1/armv7e-m/fpu/crtn.o
                0x0000000020020000                _estack = 0x20020000
                0x0000000000000400                _Min_Heap_Size = 0x400
                0x0000000000000200                _Min_Stack_Size = 0x200

.isr_vector     0x0000000008000000      0x198
                0x0000000008000000                . = ALIGN (0x4)
 *(.isr_vector)
 .isr_vector    0x0000000008000000      0x198 Application/SW4STM32/startup_stm32f411xe.o
                0x0000000008000000                g_pfnVectors
                0x0000000008000198                . = ALIGN (0x4)

.text           0x0000000008000198     0x1188
                0x0000000008000198                . = ALIGN (0x4)
 *(.text)
 .text          0x0000000008000198       0x5c /Applications/Eclipse.app/Contents/Eclipse/plugins/fr.ac6.mcu.externaltools.arm-none.macos64_1.6.0.201601291255/tools/compiler/bin/../lib/gcc/arm-none-eabi/5.3.1/armv7e-m/fpu/crtbegin.o
 *(.text*)
 .text.Reset_Handler
                0x00000000080001f4       0x50 Application/SW4STM32/startup_stm32f411xe.o
                0x00000000080001f4                Reset_Handler
 .text.Default_Handler
                0x0000000008000244        0x2 Application/SW4STM32/startup_stm32f411xe.o
                0x0000000008000244                DMA1_Stream3_IRQHandler
                0x0000000008000244                EXTI2_IRQHandler
                0x0000000008000244                DebugMon_Handler
                0x0000000008000244                SPI4_IRQHandler
                0x0000000008000244                TIM1_CC_IRQHandler
                0x0000000008000244                DMA2_Stream5_IRQHandler
                0x0000000008000244                HardFault_Handler
                0x0000000008000244                DMA1_Stream5_IRQHandler
                0x0000000008000244                PVD_IRQHandler
                0x0000000008000244                SDIO_IRQHandler
                0x0000000008000244                TAMP_STAMP_IRQHandler
                0x0000000008000244                PendSV_Handler
                0x0000000008000244                NMI_Handler
                0x0000000008000244                EXTI3_IRQHandler
                0x0000000008000244                TIM1_UP_TIM10_IRQHandler
                0x0000000008000244                I2C3_ER_IRQHandler
                0x0000000008000244                EXTI0_IRQHandler
                0x0000000008000244                I2C2_EV_IRQHandler
                0x0000000008000244                DMA1_Stream2_IRQHandler
                0x0000000008000244                FPU_IRQHandler
                0x0000000008000244                UsageFault_Handler
                0x0000000008000244                DMA2_Stream2_IRQHandler
                0x0000000008000244                SPI1_IRQHandler
                0x0000000008000244                TIM1_BRK_TIM9_IRQHandler
                0x0000000008000244                DMA2_Stream3_IRQHandler
                0x0000000008000244                USART6_IRQHandler
                0x0000000008000244                DMA2_Stream0_IRQHandler
                0x0000000008000244                TIM4_IRQHandler
                0x0000000008000244                I2C1_EV_IRQHandler
                0x0000000008000244                DMA1_Stream6_IRQHandler
                0x0000000008000244                DMA1_Stream1_IRQHandler
                0x0000000008000244                TIM3_IRQHandler
                0x0000000008000244                RCC_IRQHandler
                0x0000000008000244                Default_Handler
                0x0000000008000244                EXTI15_10_IRQHandler
                0x0000000008000244                ADC_IRQHandler
                0x0000000008000244                DMA1_Stream7_IRQHandler
                0x0000000008000244                SPI5_IRQHandler
                0x0000000008000244                TIM5_IRQHandler
                0x0000000008000244                DMA2_Stream7_IRQHandler
                0x0000000008000244                I2C3_EV_IRQHandler
                0x0000000008000244                EXTI9_5_IRQHandler
                0x0000000008000244                RTC_WKUP_IRQHandler
                0x0000000008000244                SPI2_IRQHandler
                0x0000000008000244                MemManage_Handler
                0x0000000008000244                DMA1_Stream0_IRQHandler
                0x0000000008000244                SVC_Handler
                0x0000000008000244                EXTI4_IRQHandler
                0x0000000008000244                WWDG_IRQHandler
                0x0000000008000244                TIM2_IRQHandler
                0x0000000008000244                OTG_FS_WKUP_IRQHandler
                0x0000000008000244                TIM1_TRG_COM_TIM11_IRQHandler
                0x0000000008000244                EXTI1_IRQHandler
                0x0000000008000244                USART2_IRQHandler
                0x0000000008000244                I2C2_ER_IRQHandler
                0x0000000008000244                DMA2_Stream1_IRQHandler
                0x0000000008000244                FLASH_IRQHandler
                0x0000000008000244                DMA2_Stream4_IRQHandler
                0x0000000008000244                BusFault_Handler
                0x0000000008000244                USART1_IRQHandler
                0x0000000008000244                OTG_FS_IRQHandler
                0x0000000008000244                SPI3_IRQHandler
                0x0000000008000244                DMA1_Stream4_IRQHandler
                0x0000000008000244                I2C1_ER_IRQHandler
                0x0000000008000244                DMA2_Stream6_IRQHandler
                0x0000000008000244                RTC_Alarm_IRQHandler
 *fill*         0x0000000008000246        0x2 
 .text.SystemClock_Config
                0x0000000008000248       0xa0 Application/User/main.o
                0x0000000008000248                SystemClock_Config
 .text.startup.main
                0x00000000080002e8       0x94 Application/User/main.o
                0x00000000080002e8                main
 .text.ssd1306_WriteCommand
                0x000000000800037c       0x28 Application/User/ssd1306.o
 .text.ssd1306_Fill
                0x00000000080003a4       0x1c Application/User/ssd1306.o
                0x00000000080003a4                ssd1306_Fill
 .text.ssd1306_UpdateScreen
                0x00000000080003c0       0x4c Application/User/ssd1306.o
                0x00000000080003c0                ssd1306_UpdateScreen
 .text.ssd1306_Init
                0x000000000800040c       0xd4 Application/User/ssd1306.o
                0x000000000800040c                ssd1306_Init
 .text.ssd1306_DrawPixel
                0x00000000080004e0       0x48 Application/User/ssd1306.o
                0x00000000080004e0                ssd1306_DrawPixel
 .text.ssd1306_WriteChar
                0x0000000008000528       0xa0 Application/User/ssd1306.o
                0x0000000008000528                ssd1306_WriteChar
 .text.ssd1306_WriteString
                0x00000000080005c8       0x2a Application/User/ssd1306.o
                0x00000000080005c8                ssd1306_WriteString
 *fill*         0x00000000080005f2        0x2 
 .text.ssd1306_SetCursor
                0x00000000080005f4       0x10 Application/User/ssd1306.o
                0x00000000080005f4                ssd1306_SetCursor
 .text.HAL_MspInit
                0x0000000008000604       0x18 Application/User/stm32f4xx_hal_msp.o
                0x0000000008000604                HAL_MspInit
 .text.HAL_I2C_MspInit
                0x000000000800061c       0x54 Application/User/stm32f4xx_hal_msp.o
                0x000000000800061c                HAL_I2C_MspInit
 .text.SysTick_Handler
                0x0000000008000670        0xe Application/User/stm32f4xx_it.o
                0x0000000008000670                SysTick_Handler
 *fill*         0x000000000800067e        0x2 
 .text.SystemInit
                0x0000000008000680       0x4c Drivers/CMSIS/system_stm32f4xx.o
                0x0000000008000680                SystemInit
 .text.HAL_InitTick
                0x00000000080006cc       0x24 Drivers/STM32F4xx_HAL_Driver/stm32f4xx_hal.o
                0x00000000080006cc                HAL_InitTick
 .text.HAL_Init
                0x00000000080006f0       0x34 Drivers/STM32F4xx_HAL_Driver/stm32f4xx_hal.o
                0x00000000080006f0                HAL_Init
 .text.HAL_IncTick
                0x0000000008000724       0x10 Drivers/STM32F4xx_HAL_Driver/stm32f4xx_hal.o
                0x0000000008000724                HAL_IncTick
 .text.HAL_GetTick
                0x0000000008000734        0xc Drivers/STM32F4xx_HAL_Driver/stm32f4xx_hal.o
                0x0000000008000734                HAL_GetTick
 .text.HAL_Delay
                0x0000000008000740       0x1a Drivers/STM32F4xx_HAL_Driver/stm32f4xx_hal.o
                0x0000000008000740                HAL_Delay
 *fill*         0x000000000800075a        0x2 
 .text.HAL_NVIC_SetPriorityGrouping
                0x000000000800075c       0x24 Drivers/STM32F4xx_HAL_Driver/stm32f4xx_hal_cortex.o
                0x000000000800075c                HAL_NVIC_SetPriorityGrouping
 .text.HAL_NVIC_SetPriority
                0x0000000008000780       0x68 Drivers/STM32F4xx_HAL_Driver/stm32f4xx_hal_cortex.o
                0x0000000008000780                HAL_NVIC_SetPriority
 .text.HAL_SYSTICK_Config
                0x00000000080007e8       0x2c Drivers/STM32F4xx_HAL_Driver/stm32f4xx_hal_cortex.o
                0x00000000080007e8                HAL_SYSTICK_Config
 .text.HAL_SYSTICK_CLKSourceConfig
                0x0000000008000814       0x18 Drivers/STM32F4xx_HAL_Driver/stm32f4xx_hal_cortex.o
                0x0000000008000814                HAL_SYSTICK_CLKSourceConfig
 .text.HAL_SYSTICK_Callback
                0x000000000800082c        0x2 Drivers/STM32F4xx_HAL_Driver/stm32f4xx_hal_cortex.o
                0x000000000800082c                HAL_SYSTICK_Callback
 .text.HAL_SYSTICK_IRQHandler
                0x000000000800082e        0x8 Drivers/STM32F4xx_HAL_Driver/stm32f4xx_hal_cortex.o
                0x000000000800082e                HAL_SYSTICK_IRQHandler
 *fill*         0x0000000008000836        0x2 
 .text.HAL_GPIO_Init
                0x0000000008000838      0x19c Drivers/STM32F4xx_HAL_Driver/stm32f4xx_hal_gpio.o
                0x0000000008000838                HAL_GPIO_Init
 .text.I2C_IsAcknowledgeFailed
                0x00000000080009d4       0x2a Drivers/STM32F4xx_HAL_Driver/stm32f4xx_hal_i2c.o
 .text.I2C_WaitOnFlagUntilTimeout
                0x00000000080009fe       0x98 Drivers/STM32F4xx_HAL_Driver/stm32f4xx_hal_i2c.o
 .text.I2C_WaitOnMasterAddressFlagUntilTimeout
                0x0000000008000a96       0x84 Drivers/STM32F4xx_HAL_Driver/stm32f4xx_hal_i2c.o
 .text.I2C_WaitOnTXEFlagUntilTimeout
                0x0000000008000b1a       0x50 Drivers/STM32F4xx_HAL_Driver/stm32f4xx_hal_i2c.o
 *fill*         0x0000000008000b6a        0x2 
 .text.I2C_RequestMemoryWrite
                0x0000000008000b6c       0x90 Drivers/STM32F4xx_HAL_Driver/stm32f4xx_hal_i2c.o
 .text.HAL_I2C_Init
                0x0000000008000bfc       0xdc Drivers/STM32F4xx_HAL_Driver/stm32f4xx_hal_i2c.o
                0x0000000008000bfc                HAL_I2C_Init
 .text.HAL_I2C_Mem_Write
                0x0000000008000cd8       0xf8 Drivers/STM32F4xx_HAL_Driver/stm32f4xx_hal_i2c.o
                0x0000000008000cd8                HAL_I2C_Mem_Write
 .text.HAL_RCC_OscConfig
                0x0000000008000dd0      0x2d0 Drivers/STM32F4xx_HAL_Driver/stm32f4xx_hal_rcc.o
                0x0000000008000dd0                HAL_RCC_OscConfig
 .text.HAL_RCC_ClockConfig
                0x00000000080010a0      0x140 Drivers/STM32F4xx_HAL_Driver/stm32f4xx_hal_rcc.o
                0x00000000080010a0                HAL_RCC_ClockConfig
 .text.HAL_RCC_GetSysClockFreq
                0x00000000080011e0       0x7c Drivers/STM32F4xx_HAL_Driver/stm32f4xx_hal_rcc.o
                0x00000000080011e0                HAL_RCC_GetSysClockFreq
 .text.HAL_RCC_GetHCLKFreq
                0x000000000800125c       0x34 Drivers/STM32F4xx_HAL_Driver/stm32f4xx_hal_rcc.o
                0x000000000800125c                HAL_RCC_GetHCLKFreq
 .text.HAL_RCC_GetPCLK1Freq
                0x0000000008001290       0x2c Drivers/STM32F4xx_HAL_Driver/stm32f4xx_hal_rcc.o
                0x0000000008001290                HAL_RCC_GetPCLK1Freq
 .text.__libc_init_array
                0x00000000080012bc       0x4c /Applications/Eclipse.app/Contents/Eclipse/plugins/fr.ac6.mcu.externaltools.arm-none.macos64_1.6.0.201601291255/tools/compiler/bin/../lib/gcc/arm-none-eabi/5.3.1/../../../../arm-none-eabi/lib/armv7e-m/fpu/libc_nano.a(lib_a-init.o)
                0x00000000080012bc                __libc_init_array
 *(.glue_7)
 .glue_7        0x0000000008001308        0x0 linker stubs
 *(.glue_7t)
 .glue_7t       0x0000000008001308        0x0 linker stubs
 *(.eh_frame)
 .eh_frame      0x0000000008001308        0x0 /Applications/Eclipse.app/Contents/Eclipse/plugins/fr.ac6.mcu.externaltools.arm-none.macos64_1.6.0.201601291255/tools/compiler/bin/../lib/gcc/arm-none-eabi/5.3.1/armv7e-m/fpu/crtbegin.o
 *(.init)
 .init          0x0000000008001308        0x4 /Applications/Eclipse.app/Contents/Eclipse/plugins/fr.ac6.mcu.externaltools.arm-none.macos64_1.6.0.201601291255/tools/compiler/bin/../lib/gcc/arm-none-eabi/5.3.1/armv7e-m/fpu/crti.o
                0x0000000008001308                _init
 .init          0x000000000800130c        0x8 /Applications/Eclipse.app/Contents/Eclipse/plugins/fr.ac6.mcu.externaltools.arm-none.macos64_1.6.0.201601291255/tools/compiler/bin/../lib/gcc/arm-none-eabi/5.3.1/armv7e-m/fpu/crtn.o
 *(.fini)
 .fini          0x0000000008001314        0x4 /Applications/Eclipse.app/Contents/Eclipse/plugins/fr.ac6.mcu.externaltools.arm-none.macos64_1.6.0.201601291255/tools/compiler/bin/../lib/gcc/arm-none-eabi/5.3.1/armv7e-m/fpu/crti.o
                0x0000000008001314                _fini
 .fini          0x0000000008001318        0x8 /Applications/Eclipse.app/Contents/Eclipse/plugins/fr.ac6.mcu.externaltools.arm-none.macos64_1.6.0.201601291255/tools/compiler/bin/../lib/gcc/arm-none-eabi/5.3.1/armv7e-m/fpu/crtn.o
                0x0000000008001320                . = ALIGN (0x4)
                0x0000000008001320                _etext = .

.vfp11_veneer   0x0000000008001320        0x0
 .vfp11_veneer  0x0000000008001320        0x0 linker stubs

.v4_bx          0x0000000008001320        0x0
 .v4_bx         0x0000000008001320        0x0 linker stubs

.iplt           0x0000000008001320        0x0
 .iplt          0x0000000008001320        0x0 /Applications/Eclipse.app/Contents/Eclipse/plugins/fr.ac6.mcu.externaltools.arm-none.macos64_1.6.0.201601291255/tools/compiler/bin/../lib/gcc/arm-none-eabi/5.3.1/armv7e-m/fpu/crtbegin.o

.rodata         0x0000000008001320     0x282c
                0x0000000008001320                . = ALIGN (0x4)
 *(.rodata)
 .rodata        0x0000000008001320     0x2814 Application/User/fonts.o
 .rodata        0x0000000008003b34       0x10 Drivers/STM32F4xx_HAL_Driver/stm32f4xx_hal_rcc.o
                0x0000000008003b34                APBAHBPrescTable
 *(.rodata*)
 .rodata.str1.1
                0x0000000008003b44        0x8 Application/User/main.o
                0x0000000008003b4c                . = ALIGN (0x4)

.rel.dyn        0x0000000008003b4c        0x0
 .rel.iplt      0x0000000008003b4c        0x0 /Applications/Eclipse.app/Contents/Eclipse/plugins/fr.ac6.mcu.externaltools.arm-none.macos64_1.6.0.201601291255/tools/compiler/bin/../lib/gcc/arm-none-eabi/5.3.1/armv7e-m/fpu/crtbegin.o

.ARM.extab
 *(.ARM.extab* .gnu.linkonce.armextab.*)

.ARM            0x0000000008003b4c        0x0
                0x0000000008003b4c                __exidx_start = .
 *(.ARM.exidx*)
                0x0000000008003b4c                __exidx_end = .

.preinit_array  0x0000000008003b4c        0x0
                0x0000000008003b4c                PROVIDE (__preinit_array_start, .)
 *(.preinit_array*)
                0x0000000008003b4c                PROVIDE (__preinit_array_end, .)

.init_array     0x0000000008003b4c        0x4
                0x0000000008003b4c                PROVIDE (__init_array_start, .)
 *(SORT(.init_array.*))
 *(.init_array*)
 .init_array    0x0000000008003b4c        0x4 /Applications/Eclipse.app/Contents/Eclipse/plugins/fr.ac6.mcu.externaltools.arm-none.macos64_1.6.0.201601291255/tools/compiler/bin/../lib/gcc/arm-none-eabi/5.3.1/armv7e-m/fpu/crtbegin.o
                0x0000000008003b50                PROVIDE (__init_array_end, .)

.fini_array     0x0000000008003b50        0x4
                [!provide]                        PROVIDE (__fini_array_start, .)
 *(SORT(.fini_array.*))
 *(.fini_array*)
 .fini_array    0x0000000008003b50        0x4 /Applications/Eclipse.app/Contents/Eclipse/plugins/fr.ac6.mcu.externaltools.arm-none.macos64_1.6.0.201601291255/tools/compiler/bin/../lib/gcc/arm-none-eabi/5.3.1/armv7e-m/fpu/crtbegin.o
                [!provide]                        PROVIDE (__fini_array_end, .)
                0x0000000008003b54                _sidata = LOADADDR (.data)

.data           0x0000000020000000       0x1c load address 0x0000000008003b54
                0x0000000020000000                . = ALIGN (0x4)
                0x0000000020000000                _sdata = .
 *(.data)
 .data          0x0000000020000000       0x18 Application/User/fonts.o
                0x0000000020000000                Font_16x26
                0x0000000020000008                Font_11x18
                0x0000000020000010                Font_7x10
 .data          0x0000000020000018        0x4 Drivers/CMSIS/system_stm32f4xx.o
                0x0000000020000018                SystemCoreClock
 *(.data*)
                0x000000002000001c                . = ALIGN (0x4)
                0x000000002000001c                _edata = .

.jcr            0x000000002000001c        0x0 load address 0x0000000008003b70
 .jcr           0x000000002000001c        0x0 /Applications/Eclipse.app/Contents/Eclipse/plugins/fr.ac6.mcu.externaltools.arm-none.macos64_1.6.0.201601291255/tools/compiler/bin/../lib/gcc/arm-none-eabi/5.3.1/armv7e-m/fpu/crtbegin.o

.igot.plt       0x000000002000001c        0x0 load address 0x0000000008003b70
 .igot.plt      0x000000002000001c        0x0 /Applications/Eclipse.app/Contents/Eclipse/plugins/fr.ac6.mcu.externaltools.arm-none.macos64_1.6.0.201601291255/tools/compiler/bin/../lib/gcc/arm-none-eabi/5.3.1/armv7e-m/fpu/crtbegin.o
                0x000000002000001c                . = ALIGN (0x4)

.bss            0x000000002000001c      0x46c load address 0x0000000008003b70
                0x000000002000001c                _sbss = .
                0x000000002000001c                __bss_start__ = _sbss
 *(.bss)
 .bss           0x000000002000001c       0x1c /Applications/Eclipse.app/Contents/Eclipse/plugins/fr.ac6.mcu.externaltools.arm-none.macos64_1.6.0.201601291255/tools/compiler/bin/../lib/gcc/arm-none-eabi/5.3.1/armv7e-m/fpu/crtbegin.o
 .bss           0x0000000020000038      0x406 Application/User/ssd1306.o
 *(.bss*)
 *(COMMON)
 *fill*         0x000000002000043e        0x2 
 COMMON         0x0000000020000440       0x44 Application/User/main.o
                0x0000000020000440                hi2c1
 COMMON         0x0000000020000484        0x4 Drivers/STM32F4xx_HAL_Driver/stm32f4xx_hal.o
                0x0000000020000484                uwTick
                0x0000000020000488                . = ALIGN (0x4)
                0x0000000020000488                _ebss = .
                0x0000000020000488                __bss_end__ = _ebss

._user_heap_stack
                0x0000000020000488      0x600 load address 0x0000000008003b70
                0x0000000020000488                . = ALIGN (0x8)
                [!provide]                        PROVIDE (end, .)
                [!provide]                        PROVIDE (_end, .)
                0x0000000020000888                . = (. + _Min_Heap_Size)
 *fill*         0x0000000020000488      0x400 
                0x0000000020000a88                . = (. + _Min_Stack_Size)
 *fill*         0x0000000020000888      0x200 
                0x0000000020000a88                . = ALIGN (0x8)

/DISCARD/
 libc.a(*)
 libm.a(*)
 libgcc.a(*)

.ARM.attributes
                0x0000000000000000       0x30
 *(.ARM.attributes)
 .ARM.attributes
                0x0000000000000000       0x22 /Applications/Eclipse.app/Contents/Eclipse/plugins/fr.ac6.mcu.externaltools.arm-none.macos64_1.6.0.201601291255/tools/compiler/bin/../lib/gcc/arm-none-eabi/5.3.1/armv7e-m/fpu/crti.o
 .ARM.attributes
                0x0000000000000022       0x34 /Applications/Eclipse.app/Contents/Eclipse/plugins/fr.ac6.mcu.externaltools.arm-none.macos64_1.6.0.201601291255/tools/compiler/bin/../lib/gcc/arm-none-eabi/5.3.1/armv7e-m/fpu/crtbegin.o
 .ARM.attributes
                0x0000000000000056       0x21 Application/SW4STM32/startup_stm32f411xe.o
 .ARM.attributes
                0x0000000000000077       0x39 Application/User/fonts.o
 .ARM.attributes
                0x00000000000000b0       0x39 Application/User/main.o
 .ARM.attributes
                0x00000000000000e9       0x39 Application/User/ssd1306.o
 .ARM.attributes
                0x0000000000000122       0x39 Application/User/stm32f4xx_hal_msp.o
 .ARM.attributes
                0x000000000000015b       0x39 Application/User/stm32f4xx_it.o
 .ARM.attributes
                0x0000000000000194       0x39 Drivers/CMSIS/system_stm32f4xx.o
 .ARM.attributes
                0x00000000000001cd       0x39 Drivers/STM32F4xx_HAL_Driver/stm32f4xx_hal.o
 .ARM.attributes
                0x0000000000000206       0x39 Drivers/STM32F4xx_HAL_Driver/stm32f4xx_hal_cortex.o
 .ARM.attributes
                0x000000000000023f       0x39 Drivers/STM32F4xx_HAL_Driver/stm32f4xx_hal_gpio.o
 .ARM.attributes
                0x0000000000000278       0x39 Drivers/STM32F4xx_HAL_Driver/stm32f4xx_hal_i2c.o
 .ARM.attributes
                0x00000000000002b1       0x39 Drivers/STM32F4xx_HAL_Driver/stm32f4xx_hal_rcc.o
 .ARM.attributes
                0x00000000000002ea       0x34 /Applications/Eclipse.app/Contents/Eclipse/plugins/fr.ac6.mcu.externaltools.arm-none.macos64_1.6.0.201601291255/tools/compiler/bin/../lib/gcc/arm-none-eabi/5.3.1/../../../../arm-none-eabi/lib/armv7e-m/fpu/libc_nano.a(lib_a-init.o)
 .ARM.attributes
                0x000000000000031e       0x22 /Applications/Eclipse.app/Contents/Eclipse/plugins/fr.ac6.mcu.externaltools.arm-none.macos64_1.6.0.201601291255/tools/compiler/bin/../lib/gcc/arm-none-eabi/5.3.1/armv7e-m/fpu/crtn.o
OUTPUT(ssd1306.elf elf32-littlearm)

.debug_line     0x0000000000000000     0x796a
 .debug_line    0x0000000000000000       0xe6 Application/SW4STM32/startup_stm32f411xe.o
 .debug_line    0x00000000000000e6      0x843 Application/User/fonts.o
 .debug_line    0x0000000000000929      0x8c5 Application/User/main.o
 .debug_line    0x00000000000011ee      0x973 Application/User/ssd1306.o
 .debug_line    0x0000000000001b61      0x88a Application/User/stm32f4xx_hal_msp.o
 .debug_line    0x00000000000023eb      0x863 Application/User/stm32f4xx_it.o
 .debug_line    0x0000000000002c4e      0x8b5 Drivers/CMSIS/system_stm32f4xx.o
 .debug_line    0x0000000000003503      0x9e4 Drivers/STM32F4xx_HAL_Driver/stm32f4xx_hal.o
 .debug_line    0x0000000000003ee7      0xa59 Drivers/STM32F4xx_HAL_Driver/stm32f4xx_hal_cortex.o
 .debug_line    0x0000000000004940      0xa0e Drivers/STM32F4xx_HAL_Driver/stm32f4xx_hal_gpio.o
 .debug_line    0x000000000000534e     0x1ab3 Drivers/STM32F4xx_HAL_Driver/stm32f4xx_hal_i2c.o
 .debug_line    0x0000000000006e01      0xb69 Drivers/STM32F4xx_HAL_Driver/stm32f4xx_hal_rcc.o

.debug_info     0x0000000000000000     0x87cb
 .debug_info    0x0000000000000000       0xfe Application/SW4STM32/startup_stm32f411xe.o
 .debug_info    0x00000000000000fe      0x1c3 Application/User/fonts.o
 .debug_info    0x00000000000002c1      0xd38 Application/User/main.o
 .debug_info    0x0000000000000ff9      0xc54 Application/User/ssd1306.o
 .debug_info    0x0000000000001c4d      0xae7 Application/User/stm32f4xx_hal_msp.o
 .debug_info    0x0000000000002734       0xeb Application/User/stm32f4xx_it.o
 .debug_info    0x000000000000281f      0x4da Drivers/CMSIS/system_stm32f4xx.o
 .debug_info    0x0000000000002cf9      0x854 Drivers/STM32F4xx_HAL_Driver/stm32f4xx_hal.o
 .debug_info    0x000000000000354d      0xdef Drivers/STM32F4xx_HAL_Driver/stm32f4xx_hal_cortex.o
 .debug_info    0x000000000000433c      0x731 Drivers/STM32F4xx_HAL_Driver/stm32f4xx_hal_gpio.o
 .debug_info    0x0000000000004a6d     0x30ae Drivers/STM32F4xx_HAL_Driver/stm32f4xx_hal_i2c.o
 .debug_info    0x0000000000007b1b      0xcb0 Drivers/STM32F4xx_HAL_Driver/stm32f4xx_hal_rcc.o

.debug_abbrev   0x0000000000000000     0x1643
 .debug_abbrev  0x0000000000000000       0x12 Application/SW4STM32/startup_stm32f411xe.o
 .debug_abbrev  0x0000000000000012       0xac Application/User/fonts.o
 .debug_abbrev  0x00000000000000be      0x240 Application/User/main.o
 .debug_abbrev  0x00000000000002fe      0x275 Application/User/ssd1306.o
 .debug_abbrev  0x0000000000000573      0x1ae Application/User/stm32f4xx_hal_msp.o
 .debug_abbrev  0x0000000000000721       0xa7 Application/User/stm32f4xx_it.o
 .debug_abbrev  0x00000000000007c8      0x104 Drivers/CMSIS/system_stm32f4xx.o
 .debug_abbrev  0x00000000000008cc      0x261 Drivers/STM32F4xx_HAL_Driver/stm32f4xx_hal.o
 .debug_abbrev  0x0000000000000b2d      0x332 Drivers/STM32F4xx_HAL_Driver/stm32f4xx_hal_cortex.o
 .debug_abbrev  0x0000000000000e5f      0x1cb Drivers/STM32F4xx_HAL_Driver/stm32f4xx_hal_gpio.o
 .debug_abbrev  0x000000000000102a      0x31a Drivers/STM32F4xx_HAL_Driver/stm32f4xx_hal_i2c.o
 .debug_abbrev  0x0000000000001344      0x2ff Drivers/STM32F4xx_HAL_Driver/stm32f4xx_hal_rcc.o

.debug_aranges  0x0000000000000000      0x518
 .debug_aranges
                0x0000000000000000       0x28 Application/SW4STM32/startup_stm32f411xe.o
 .debug_aranges
                0x0000000000000028       0x18 Application/User/fonts.o
 .debug_aranges
                0x0000000000000040       0x28 Application/User/main.o
 .debug_aranges
                0x0000000000000068       0x58 Application/User/ssd1306.o
 .debug_aranges
                0x00000000000000c0       0x30 Application/User/stm32f4xx_hal_msp.o
 .debug_aranges
                0x00000000000000f0       0x20 Application/User/stm32f4xx_it.o
 .debug_aranges
                0x0000000000000110       0x28 Drivers/CMSIS/system_stm32f4xx.o
 .debug_aranges
                0x0000000000000138       0xb8 Drivers/STM32F4xx_HAL_Driver/stm32f4xx_hal.o
 .debug_aranges
                0x00000000000001f0       0x98 Drivers/STM32F4xx_HAL_Driver/stm32f4xx_hal_cortex.o
 .debug_aranges
                0x0000000000000288       0x58 Drivers/STM32F4xx_HAL_Driver/stm32f4xx_hal_gpio.o
 .debug_aranges
                0x00000000000002e0      0x1b8 Drivers/STM32F4xx_HAL_Driver/stm32f4xx_hal_i2c.o
 .debug_aranges
                0x0000000000000498       0x80 Drivers/STM32F4xx_HAL_Driver/stm32f4xx_hal_rcc.o

.debug_ranges   0x0000000000000000      0x6e8
 .debug_ranges  0x0000000000000000       0x20 Application/SW4STM32/startup_stm32f411xe.o
 .debug_ranges  0x0000000000000020       0x78 Application/User/main.o
 .debug_ranges  0x0000000000000098       0x60 Application/User/ssd1306.o
 .debug_ranges  0x00000000000000f8       0x20 Application/User/stm32f4xx_hal_msp.o
 .debug_ranges  0x0000000000000118       0x10 Application/User/stm32f4xx_it.o
 .debug_ranges  0x0000000000000128       0x18 Drivers/CMSIS/system_stm32f4xx.o
 .debug_ranges  0x0000000000000140       0xa8 Drivers/STM32F4xx_HAL_Driver/stm32f4xx_hal.o
 .debug_ranges  0x00000000000001e8      0x148 Drivers/STM32F4xx_HAL_Driver/stm32f4xx_hal_cortex.o
 .debug_ranges  0x0000000000000330       0x70 Drivers/STM32F4xx_HAL_Driver/stm32f4xx_hal_gpio.o
 .debug_ranges  0x00000000000003a0      0x1f8 Drivers/STM32F4xx_HAL_Driver/stm32f4xx_hal_i2c.o
 .debug_ranges  0x0000000000000598      0x150 Drivers/STM32F4xx_HAL_Driver/stm32f4xx_hal_rcc.o

.debug_macro    0x0000000000000000     0xed1b
 .debug_macro   0x0000000000000000      0x2e9 Application/User/fonts.o
 .debug_macro   0x00000000000002e9      0x89e Application/User/fonts.o
 .debug_macro   0x0000000000000b87      0x1aa Application/User/fonts.o
 .debug_macro   0x0000000000000d31       0x2e Application/User/fonts.o
 .debug_macro   0x0000000000000d5f       0x28 Application/User/fonts.o
 .debug_macro   0x0000000000000d87       0x22 Application/User/fonts.o
 .debug_macro   0x0000000000000da9       0x87 Application/User/fonts.o
 .debug_macro   0x0000000000000e30       0x44 Application/User/fonts.o
 .debug_macro   0x0000000000000e74       0xfd Application/User/fonts.o
 .debug_macro   0x0000000000000f71       0x22 Application/User/fonts.o
 .debug_macro   0x0000000000000f93      0x1df Application/User/fonts.o
 .debug_macro   0x0000000000001172       0x35 Application/User/fonts.o
 .debug_macro   0x00000000000011a7       0x50 Application/User/fonts.o
 .debug_macro   0x00000000000011f7      0xe66 Application/User/fonts.o
 .debug_macro   0x000000000000205d     0x50a7 Application/User/fonts.o
 .debug_macro   0x0000000000007104       0x43 Application/User/fonts.o
 .debug_macro   0x0000000000007147     0x33a6 Application/User/fonts.o
 .debug_macro   0x000000000000a4ed       0x52 Application/User/fonts.o
 .debug_macro   0x000000000000a53f       0x35 Application/User/fonts.o
 .debug_macro   0x000000000000a574       0x9c Application/User/fonts.o
 .debug_macro   0x000000000000a610       0x16 Application/User/fonts.o
 .debug_macro   0x000000000000a626       0x97 Application/User/fonts.o
 .debug_macro   0x000000000000a6bd      0x30d Application/User/fonts.o
 .debug_macro   0x000000000000a9ca       0xfd Application/User/fonts.o
 .debug_macro   0x000000000000aac7       0x10 Application/User/fonts.o
 .debug_macro   0x000000000000aad7       0x52 Application/User/fonts.o
 .debug_macro   0x000000000000ab29       0x16 Application/User/fonts.o
 .debug_macro   0x000000000000ab3f       0x43 Application/User/fonts.o
 .debug_macro   0x000000000000ab82      0x187 Application/User/fonts.o
 .debug_macro   0x000000000000ad09       0x22 Application/User/fonts.o
 .debug_macro   0x000000000000ad2b       0x3a Application/User/fonts.o
 .debug_macro   0x000000000000ad65       0x10 Application/User/fonts.o
 .debug_macro   0x000000000000ad75       0x40 Application/User/fonts.o
 .debug_macro   0x000000000000adb5       0x6c Application/User/fonts.o
 .debug_macro   0x000000000000ae21       0x16 Application/User/fonts.o
 .debug_macro   0x000000000000ae37      0x182 Application/User/fonts.o
 .debug_macro   0x000000000000afb9       0x50 Application/User/fonts.o
 .debug_macro   0x000000000000b009      0x440 Application/User/fonts.o
 .debug_macro   0x000000000000b449      0x9da Application/User/fonts.o
 .debug_macro   0x000000000000be23      0x11e Application/User/fonts.o
 .debug_macro   0x000000000000bf41      0x11b Application/User/fonts.o
 .debug_macro   0x000000000000c05c       0x27 Application/User/fonts.o
 .debug_macro   0x000000000000c083      0x272 Application/User/fonts.o
 .debug_macro   0x000000000000c2f5       0x5f Application/User/fonts.o
 .debug_macro   0x000000000000c354      0x23a Application/User/fonts.o
 .debug_macro   0x000000000000c58e      0x13a Application/User/fonts.o
 .debug_macro   0x000000000000c6c8      0x264 Application/User/fonts.o
 .debug_macro   0x000000000000c92c       0x2e Application/User/fonts.o
 .debug_macro   0x000000000000c95a      0x1a7 Application/User/fonts.o
 .debug_macro   0x000000000000cb01       0x22 Application/User/fonts.o
 .debug_macro   0x000000000000cb23       0xa5 Application/User/fonts.o
 .debug_macro   0x000000000000cbc8      0x11e Application/User/fonts.o
 .debug_macro   0x000000000000cce6       0x85 Application/User/fonts.o
 .debug_macro   0x000000000000cd6b       0x89 Application/User/fonts.o
 .debug_macro   0x000000000000cdf4      0x11e Application/User/fonts.o
 .debug_macro   0x000000000000cf12      0x2f6 Application/User/main.o
 .debug_macro   0x000000000000d208       0x22 Application/User/main.o
 .debug_macro   0x000000000000d22a      0x2f2 Application/User/ssd1306.o
 .debug_macro   0x000000000000d51c      0x2df Application/User/stm32f4xx_hal_msp.o
 .debug_macro   0x000000000000d7fb      0x2e9 Application/User/stm32f4xx_it.o
 .debug_macro   0x000000000000dae4      0x2e5 Drivers/CMSIS/system_stm32f4xx.o
 .debug_macro   0x000000000000ddc9      0x32d Drivers/STM32F4xx_HAL_Driver/stm32f4xx_hal.o
 .debug_macro   0x000000000000e0f6      0x2df Drivers/STM32F4xx_HAL_Driver/stm32f4xx_hal_cortex.o
 .debug_macro   0x000000000000e3d5      0x317 Drivers/STM32F4xx_HAL_Driver/stm32f4xx_hal_gpio.o
 .debug_macro   0x000000000000e6ec      0x326 Drivers/STM32F4xx_HAL_Driver/stm32f4xx_hal_i2c.o
 .debug_macro   0x000000000000ea12      0x309 Drivers/STM32F4xx_HAL_Driver/stm32f4xx_hal_rcc.o

.debug_str      0x0000000000000000    0x59e97
 .debug_str     0x0000000000000000    0x577c5 Application/User/fonts.o
                                      0x57a7c (size before relaxing)
 .debug_str     0x00000000000577c5      0xc1b Application/User/main.o
                                      0x58692 (size before relaxing)
 .debug_str     0x00000000000583e0       0xfd Application/User/ssd1306.o
                                      0x580c5 (size before relaxing)
 .debug_str     0x00000000000584dd      0x123 Application/User/stm32f4xx_hal_msp.o
                                      0x584ab (size before relaxing)
 .debug_str     0x0000000000058600       0x93 Application/User/stm32f4xx_it.o
                                      0x57a3c (size before relaxing)
 .debug_str     0x0000000000058693      0x136 Drivers/CMSIS/system_stm32f4xx.o
                                      0x57c0f (size before relaxing)
 .debug_str     0x00000000000587c9      0x4d8 Drivers/STM32F4xx_HAL_Driver/stm32f4xx_hal.o
                                      0x5847d (size before relaxing)
 .debug_str     0x0000000000058ca1      0x34b Drivers/STM32F4xx_HAL_Driver/stm32f4xx_hal_cortex.o
                                      0x582e4 (size before relaxing)
 .debug_str     0x0000000000058fec      0x2a2 Drivers/STM32F4xx_HAL_Driver/stm32f4xx_hal_gpio.o
                                      0x57e66 (size before relaxing)
 .debug_str     0x000000000005928e      0x9c8 Drivers/STM32F4xx_HAL_Driver/stm32f4xx_hal_i2c.o
                                      0x58936 (size before relaxing)
 .debug_str     0x0000000000059c56      0x241 Drivers/STM32F4xx_HAL_Driver/stm32f4xx_hal_rcc.o
                                      0x57ff5 (size before relaxing)

.comment        0x0000000000000000       0x6e
 .comment       0x0000000000000000       0x6e Application/User/fonts.o
                                         0x6f (size before relaxing)
 .comment       0x000000000000006e       0x6f Application/User/main.o
 .comment       0x000000000000006e       0x6f Application/User/ssd1306.o
 .comment       0x000000000000006e       0x6f Application/User/stm32f4xx_hal_msp.o
 .comment       0x000000000000006e       0x6f Application/User/stm32f4xx_it.o
 .comment       0x000000000000006e       0x6f Drivers/CMSIS/system_stm32f4xx.o
 .comment       0x000000000000006e       0x6f Drivers/STM32F4xx_HAL_Driver/stm32f4xx_hal.o
 .comment       0x000000000000006e       0x6f Drivers/STM32F4xx_HAL_Driver/stm32f4xx_hal_cortex.o
 .comment       0x000000000000006e       0x6f Drivers/STM32F4xx_HAL_Driver/stm32f4xx_hal_gpio.o
 .comment       0x000000000000006e       0x6f Drivers/STM32F4xx_HAL_Driver/stm32f4xx_hal_i2c.o
 .comment       0x000000000000006e       0x6f Drivers/STM32F4xx_HAL_Driver/stm32f4xx_hal_rcc.o

.debug_frame    0x0000000000000000      0xdc4
 .debug_frame   0x0000000000000000       0x4c Application/User/main.o
 .debug_frame   0x000000000000004c       0xe8 Application/User/ssd1306.o
 .debug_frame   0x0000000000000134       0x54 Application/User/stm32f4xx_hal_msp.o
 .debug_frame   0x0000000000000188       0x2c Application/User/stm32f4xx_it.o
 .debug_frame   0x00000000000001b4       0x30 Drivers/CMSIS/system_stm32f4xx.o
 .debug_frame   0x00000000000001e4      0x184 Drivers/STM32F4xx_HAL_Driver/stm32f4xx_hal.o
 .debug_frame   0x0000000000000368      0x130 Drivers/STM32F4xx_HAL_Driver/stm32f4xx_hal_cortex.o
 .debug_frame   0x0000000000000498       0xd4 Drivers/STM32F4xx_HAL_Driver/stm32f4xx_hal_gpio.o
 .debug_frame   0x000000000000056c      0x6dc Drivers/STM32F4xx_HAL_Driver/stm32f4xx_hal_i2c.o
 .debug_frame   0x0000000000000c48      0x150 Drivers/STM32F4xx_HAL_Driver/stm32f4xx_hal_rcc.o
 .debug_frame   0x0000000000000d98       0x2c /Applications/Eclipse.app/Contents/Eclipse/plugins/fr.ac6.mcu.externaltools.arm-none.macos64_1.6.0.201601291255/tools/compiler/bin/../lib/gcc/arm-none-eabi/5.3.1/../../../../arm-none-eabi/lib/armv7e-m/fpu/libc_nano.a(lib_a-init.o)

.debug_loc      0x0000000000000000     0x4254
 .debug_loc     0x0000000000000000      0x235 Application/User/ssd1306.o
 .debug_loc     0x0000000000000235       0x4d Application/User/stm32f4xx_hal_msp.o
 .debug_loc     0x0000000000000282       0xd7 Drivers/CMSIS/system_stm32f4xx.o
 .debug_loc     0x0000000000000359       0x84 Drivers/STM32F4xx_HAL_Driver/stm32f4xx_hal.o
 .debug_loc     0x00000000000003dd      0x4ab Drivers/STM32F4xx_HAL_Driver/stm32f4xx_hal_cortex.o
 .debug_loc     0x0000000000000888      0x370 Drivers/STM32F4xx_HAL_Driver/stm32f4xx_hal_gpio.o
 .debug_loc     0x0000000000000bf8     0x3179 Drivers/STM32F4xx_HAL_Driver/stm32f4xx_hal_i2c.o
 .debug_loc     0x0000000000003d71      0x4e3 Drivers/STM32F4xx_HAL_Driver/stm32f4xx_hal_rcc.o
